// Jest Snapshot v1, https://goo.gl/fbAQLP

exports[`RuioWrapper Snapshot Tests should match the snapshot with default children 1`] = `
<DocumentFragment>
  <div
    class="ruio-exclude"
    data-testid="ruio-control-panel"
    style="position: fixed; bottom: 80px; right: 20px; z-index: 9999; background-color: white; padding: 10px; border: 1px solid black; display: none;"
  >
    <label
      class="ruio-exclude"
    >
      Depth:
      <input
        class="ruio-exclude"
        max="10"
        min="1"
        type="number"
        value="1"
      />
    </label>
    <div
      class="ruio-exclude"
    >
      <button
        class="ruio-exclude"
        disabled=""
      >
        Select Element
      </button>
      <button>
        Enable Borders
      </button>
    </div>
  </div>
  <div
    class="ruio-exclude"
    data-testid="ruio-toggle-icon"
    style="position: fixed; bottom: 20px; right: 20px; z-index: 9999; background-color: lightcoral; padding: 10px; cursor: pointer;"
  >
    üõ†Ô∏è
  </div>
  <div>
    Snapshot Child
  </div>
</DocumentFragment>
`;
